
> litcon-26@0.0.0 build
> vite build

node.exe : 
[31mfailed to load 
config from C:\Users\
user\OneDrive\Desktop
\enlit\Litcon-26\vite
.config.ts[39m
At line:1 char:1
+ & "C:\Program Files
\nodejs/node.exe" 
"C:\Program 
Files\nodejs/node_mo 
...
+ ~~~~~~~~~~~~~~~~~~~
~~~~~~~~~~~~~~~~~~~~~
~~~~~~~~~~~~~~~~~~~~~
~~~~~~~~
    + CategoryInfo   
           : NotSpe  
  cified: ([31mfa   
 iled to ....conf    
ig.ts[39m:Strin    
g) [], RemoteExc    
eption
    + FullyQualified 
   ErrorId : Native  
  CommandError
 
[31merror during 
build:
Error [ERR_MODULE_NOT
_FOUND]: Cannot find 
package '@vitejs/plug
in-react' imported 
from C:\Users\user\On
eDrive\Desktop\enlit\
Litcon-26\node_module
s\.vite-temp\vite.con
fig.ts.timestamp-1783
863309392-f062934eb45
01.mjs
    at Object.getPack
ageJSONURL (node:inte
rnal/modules/package_
json_reader:316:9)
    at 
packageResolve (node:
internal/modules/esm/
resolve:768:81)
    at moduleResolve 
(node:internal/module
s/esm/resolve:858:18)
    at 
defaultResolve (node:
internal/modules/esm/
resolve:990:11)
    at #cachedDefault
Resolve (node:interna
l/modules/esm/loader:
757:20)
    at 
ModuleLoader.resolve 
(node:internal/module
s/esm/loader:734:38)
    at ModuleLoader.g
etModuleJobForImport 
(node:internal/module
s/esm/loader:317:38)
    at #link (node:in
ternal/modules/esm/mo
dule_job:208:49)[39m
